// Jest Snapshot v1, https://goo.gl/fbAQLP

exports[`Header component matches snapshot 1`] = `
<div>
  <div
    style="color: blue; box-shadow: 0 0 10px 0 rgba(0, 0, 0, 0.1); padding: 1rem;"
  >
    <span
      style="font-size: 2rem; font-weight: bold;"
    >
      Posts App
    </span>
  </div>
</div>
`; 